> ch8ex2 = read.table("ch8ex2.txt",header=T)
> attach(ch8ex2)
> modelfull=lm(y~x+d+d1+d2)
Error in eval(expr, envir, enclos) : object 'd' not found
> modelfull=lm(y~x+d1+d2)
> summary(modelfull)

Call:
lm(formula = y ~ x + d1 + d2)

Residuals:
     Min       1Q   Median       3Q      Max 
-0.37353 -0.15294  0.01103  0.17868  0.47353 

Coefficients:
            Estimate Std. Error t value Pr(>|t|)    
(Intercept)  1.43088    0.65744   2.176   0.0575 .  
x            0.48676    0.02574  18.908 1.49e-08 ***
d1          -1.91838    0.20180  -9.506 5.45e-06 ***
d2          -2.19191    0.21143 -10.367 2.65e-06 ***
---
Signif. codes:  0 ‘***’ 0.001 ‘**’ 0.01 ‘*’ 0.05 ‘.’ 0.1 ‘ ’ 1

Residual standard error: 0.3002 on 9 degrees of freedom
Multiple R-squared:  0.9794,	Adjusted R-squared:  0.9726 
F-statistic: 142.8 on 3 and 9 DF,  p-value: 6.6e-08

> anova(modelfull)
Analysis of Variance Table

Response: y
          Df  Sum Sq Mean Sq F value    Pr(>F)    
x          1 26.2019 26.2019  290.71 3.691e-08 ***
d1         1  2.7165  2.7165   30.14 0.0003852 ***
d2         1  9.6873  9.6873  107.48 2.648e-06 ***
Residuals  9  0.8112  0.0901                      
---
Signif. codes:  0 ‘***’ 0.001 ‘**’ 0.01 ‘*’ 0.05 ‘.’ 0.1 ‘ ’ 1
> model2=lm(y~x+d2)
> anova(model2)
Analysis of Variance Table

Response: y
          Df  Sum Sq Mean Sq F value    Pr(>F)    
x          1 26.2019 26.2019 29.2559 0.0002977 ***
d2         1  4.2589  4.2589  4.7553 0.0541846 .  
Residuals 10  8.9561  0.8956                      
---
Signif. codes:  0 ‘***’ 0.001 ‘**’ 0.01 ‘*’ 0.05 ‘.’ 0.1 ‘ ’ 1
> #
> ## difference between residuals
> 8.9561-0.81125
[1] 8.14485
> ## SSR(D1|D2,x)
> 
> d3 = d1+d2
> model3=lm(y~x+d3)
> anova(model3)
Analysis of Variance Table

Response: y
          Df  Sum Sq Mean Sq F value    Pr(>F)    
x          1 26.2019 26.2019  275.09 1.326e-08 ***
d3         1 12.2625 12.2625  128.74 4.938e-07 ***
Residuals 10  0.9525  0.0953                      
---
Signif. codes:  0 ‘***’ 0.001 ‘**’ 0.01 ‘*’ 0.05 ‘.’ 0.1 ‘ ’ 1

